2026-08-02 22:21:49,157 - agentic_planner - WARNING - Conflict detected: Conflict on 2026-08-02 at 09:00: Mochi's 'Morning walk', Mochi's 'Breakfast', Mochi's 'Evening meds', Luna's 'Feeding', Luna's 'Grooming'
2026-08-02 22:21:49,157 - agentic_planner - WARNING - Conflict detected: Conflict on 2026-08-02 at 09:00: Mochi's 'Morning walk', Mochi's 'Breakfast', Mochi's 'Evening meds', Luna's 'Feeding', Luna's 'Grooming'
2026-08-02 22:21:49,158 - agentic_planner - WARNING - Conflict detected: Conflict on 2026-08-02 at 09:00: Mochi's 'Morning walk', Mochi's 'Breakfast', Mochi's 'Evening meds', Luna's 'Feeding', Luna's 'Grooming'
2026-08-02 22:21:49,158 - agentic_planner - WARNING - Conflict detected: Conflict on 2026-08-02 at 09:00: Mochi's 'Morning walk', Mochi's 'Breakfast', Mochi's 'Evening meds', Luna's 'Feeding', Luna's 'Grooming'
2026-08-02 22:21:49,158 - agentic_planner - WARNING - Conflict detected: Conflict on 2026-08-02 at 09:00: Mochi's 'Morning walk', Mochi's 'Breakfast', Mochi's 'Evening meds', Luna's 'Feeding', Luna's 'Grooming'
2026-08-02 22:21:49,158 - agentic_planner - WARNING - Conflict detected: Conflict on 2026-08-02 at 09:00: Mochi's 'Morning walk', Mochi's 'Breakfast', Mochi's 'Evening meds', Luna's 'Feeding', Luna's 'Grooming'
2026-08-02 22:21:49,160 - agentic_planner - WARNING - Conflict detected: Conflict on 2026-08-02 at 09:00: Mochi's 'Morning walk', Mochi's 'Breakfast', Mochi's 'Evening meds', Luna's 'Feeding', Luna's 'Grooming'
2026-08-02 22:21:49,160 - agentic_planner - WARNING - Conflict detected: Conflict on 2026-08-02 at 09:00: Mochi's 'Morning walk', Mochi's 'Breakfast', Mochi's 'Evening meds', Luna's 'Feeding', Luna's 'Grooming'
2026-08-02 22:21:49,160 - agentic_planner - WARNING - Conflict detected: Conflict on 2026-08-02 at 09:00: Mochi's 'Morning walk', Mochi's 'Breakfast', Mochi's 'Evening meds', Luna's 'Feeding', Luna's 'Grooming'
2026-08-02 22:21:49,160 - agentic_planner - WARNING - Conflict detected: Conflict on 2026-08-02 at 09:00: Mochi's 'Morning walk', Mochi's 'Breakfast', Mochi's 'Evening meds', Luna's 'Feeding', Luna's 'Grooming'
2026-08-02 22:21:49,160 - agentic_planner - WARNING - Conflict detected: Conflict on 2026-08-02 at 09:00: Mochi's 'Morning walk', Mochi's 'Breakfast', Mochi's 'Evening meds', Luna's 'Feeding', Luna's 'Grooming'
2026-08-02 22:21:49,160 - agentic_planner - WARNING - Conflict detected: Conflict on 2026-08-02 at 09:00: Mochi's 'Morning walk', Mochi's 'Breakfast', Mochi's 'Evening meds', Luna's 'Feeding', Luna's 'Grooming'
2026-08-02 22:21:49,161 - agentic_planner - WARNING - Task load is significantly higher than available time
2026-08-02 22:21:49,161 - agentic_planner - WARNING - Task load is significantly higher than available time
2026-08-02 22:21:49,161 - agentic_planner - WARNING - Task load is significantly higher than available time
2026-08-02 22:21:49,161 - agentic_planner - WARNING - Task load is significantly higher than available time
2026-08-02 22:21:49,161 - agentic_planner - WARNING - Task load is significantly higher than available time
2026-08-02 22:21:49,161 - agentic_planner - WARNING - Task load is significantly higher than available time
2026-08-02 22:21:49,161 - agentic_planner - WARNING - Task load is significantly higher than available time
2026-08-02 22:21:49,161 - agentic_planner - WARNING - Task load is significantly higher than available time
2026-08-02 22:21:49,161 - agentic_planner - WARNING - Conflict detected: Conflict on 2026-08-02 at 09:00: Max's 'Walk', Max's 'Feed', Max's 'Groom'
2026-08-02 22:21:49,161 - agentic_planner - WARNING - Conflict detected: Conflict on 2026-08-02 at 09:00: Max's 'Walk', Max's 'Feed', Max's 'Groom'
2026-08-02 22:21:49,161 - agentic_planner - WARNING - Conflict detected: Conflict on 2026-08-02 at 09:00: Max's 'Walk', Max's 'Feed', Max's 'Groom'
2026-08-02 22:21:49,161 - agentic_planner - WARNING - Conflict detected: Conflict on 2026-08-02 at 09:00: Max's 'Walk', Max's 'Feed', Max's 'Groom'
2026-08-02 22:21:49,161 - agentic_planner - WARNING - Conflict detected: Conflict on 2026-08-02 at 09:00: Max's 'Walk', Max's 'Feed', Max's 'Groom'
2026-08-02 22:21:49,161 - agentic_planner - WARNING - Conflict detected: Conflict on 2026-08-02 at 09:00: Max's 'Walk', Max's 'Feed', Max's 'Groom'
2026-08-02 22:21:49,161 - agentic_planner - WARNING - Conflict detected: Conflict on 2026-08-02 at 09:00: Max's 'Walk', Max's 'Feed', Max's 'Groom'
2026-08-02 22:21:49,161 - agentic_planner - WARNING - Conflict detected: Conflict on 2026-08-02 at 09:00: Max's 'Walk', Max's 'Feed', Max's 'Groom'
2026-08-02 22:21:49,161 - agentic_planner - WARNING - 2 tasks could not be scheduled
2026-08-02 22:21:49,161 - agentic_planner - WARNING - 2 tasks could not be scheduled
2026-08-02 22:21:49,161 - agentic_planner - WARNING - 2 tasks could not be scheduled
2026-08-02 22:21:49,161 - agentic_planner - WARNING - 2 tasks could not be scheduled
2026-08-02 22:21:49,161 - agentic_planner - WARNING - 2 tasks could not be scheduled
2026-08-02 22:21:49,161 - agentic_planner - WARNING - 2 tasks could not be scheduled
2026-08-02 22:21:49,161 - agentic_planner - WARNING - 2 tasks could not be scheduled
2026-08-02 22:21:49,161 - agentic_planner - WARNING - 2 tasks could not be scheduled
2026-08-02 22:21:49,163 - agentic_planner - WARNING - Conflict detected: Conflict on 2026-08-02 at 09:00: Mochi's 'Morning walk', Mochi's 'Breakfast', Mochi's 'Evening meds', Luna's 'Feeding', Luna's 'Grooming'
2026-08-02 22:21:49,163 - agentic_planner - WARNING - Conflict detected: Conflict on 2026-08-02 at 09:00: Mochi's 'Morning walk', Mochi's 'Breakfast', Mochi's 'Evening meds', Luna's 'Feeding', Luna's 'Grooming'
2026-08-02 22:21:49,163 - agentic_planner - WARNING - Conflict detected: Conflict on 2026-08-02 at 09:00: Mochi's 'Morning walk', Mochi's 'Breakfast', Mochi's 'Evening meds', Luna's 'Feeding', Luna's 'Grooming'
2026-08-02 22:21:49,163 - agentic_planner - WARNING - Conflict detected: Conflict on 2026-08-02 at 09:00: Mochi's 'Morning walk', Mochi's 'Breakfast', Mochi's 'Evening meds', Luna's 'Feeding', Luna's 'Grooming'
2026-08-02 22:21:49,163 - agentic_planner - WARNING - Conflict detected: Conflict on 2026-08-02 at 09:00: Mochi's 'Morning walk', Mochi's 'Breakfast', Mochi's 'Evening meds', Luna's 'Feeding', Luna's 'Grooming'
2026-08-02 22:21:49,163 - agentic_planner - WARNING - Conflict detected: Conflict on 2026-08-02 at 09:00: Mochi's 'Morning walk', Mochi's 'Breakfast', Mochi's 'Evening meds', Luna's 'Feeding', Luna's 'Grooming'
2026-08-02 22:21:49,163 - agentic_planner - WARNING - Conflict detected: Conflict on 2026-08-02 at 09:00: Mochi's 'Morning walk', Mochi's 'Breakfast', Mochi's 'Evening meds', Luna's 'Feeding', Luna's 'Grooming'
2026-08-02 22:21:49,163 - agentic_planner - WARNING - Conflict detected: Conflict on 2026-08-02 at 09:00: Mochi's 'Morning walk', Mochi's 'Breakfast', Mochi's 'Evening meds', Luna's 'Feeding', Luna's 'Grooming'
2026-08-02 22:21:49,163 - agentic_planner - WARNING - Conflict detected: Conflict on 2026-08-02 at 09:00: Mochi's 'Morning walk', Mochi's 'Breakfast', Mochi's 'Evening meds', Luna's 'Feeding', Luna's 'Grooming'
2026-08-02 22:21:49,163 - agentic_planner - WARNING - Conflict detected: Conflict on 2026-08-02 at 09:00: Mochi's 'Morning walk', Mochi's 'Breakfast', Mochi's 'Evening meds', Luna's 'Feeding', Luna's 'Grooming'
2026-08-02 22:21:49,166 - agentic_planner - WARNING - Conflict detected: Conflict on 2026-08-02 at 09:00: Mochi's 'Morning walk', Mochi's 'Breakfast', Mochi's 'Evening meds', Luna's 'Feeding', Luna's 'Grooming'
2026-08-02 22:21:49,166 - agentic_planner - WARNING - Conflict detected: Conflict on 2026-08-02 at 09:00: Mochi's 'Morning walk', Mochi's 'Breakfast', Mochi's 'Evening meds', Luna's 'Feeding', Luna's 'Grooming'
2026-08-02 22:21:49,166 - agentic_planner - WARNING - Conflict detected: Conflict on 2026-08-02 at 09:00: Mochi's 'Morning walk', Mochi's 'Breakfast', Mochi's 'Evening meds', Luna's 'Feeding', Luna's 'Grooming'
2026-08-02 22:21:49,166 - agentic_planner - WARNING - Conflict detected: Conflict on 2026-08-02 at 09:00: Mochi's 'Morning walk', Mochi's 'Breakfast', Mochi's 'Evening meds', Luna's 'Feeding', Luna's 'Grooming'
2026-08-02 22:21:49,166 - agentic_planner - WARNING - Conflict detected: Conflict on 2026-08-02 at 09:00: Mochi's 'Morning walk', Mochi's 'Breakfast', Mochi's 'Evening meds', Luna's 'Feeding', Luna's 'Grooming'
2026-08-02 22:21:49,166 - agentic_planner - WARNING - Conflict detected: Conflict on 2026-08-02 at 09:00: Mochi's 'Morning walk', Mochi's 'Breakfast', Mochi's 'Evening meds', Luna's 'Feeding', Luna's 'Grooming'
2026-08-02 22:21:49,166 - agentic_planner - WARNING - Conflict detected: Conflict on 2026-08-02 at 09:00: Mochi's 'Morning walk', Mochi's 'Breakfast', Mochi's 'Evening meds', Luna's 'Feeding', Luna's 'Grooming'
2026-08-02 22:21:49,166 - agentic_planner - WARNING - Conflict detected: Conflict on 2026-08-02 at 09:00: Mochi's 'Morning walk', Mochi's 'Breakfast', Mochi's 'Evening meds', Luna's 'Feeding', Luna's 'Grooming'
2026-08-02 22:21:49,166 - agentic_planner - WARNING - Conflict detected: Conflict on 2026-08-02 at 09:00: Mochi's 'Morning walk', Mochi's 'Breakfast', Mochi's 'Evening meds', Luna's 'Feeding', Luna's 'Grooming'
2026-08-02 22:21:49,166 - agentic_planner - WARNING - Conflict detected: Conflict on 2026-08-02 at 09:00: Mochi's 'Morning walk', Mochi's 'Breakfast', Mochi's 'Evening meds', Luna's 'Feeding', Luna's 'Grooming'
2026-08-02 22:21:49,166 - agentic_planner - WARNING - Conflict detected: Conflict on 2026-08-02 at 09:00: Mochi's 'Morning walk', Mochi's 'Breakfast', Mochi's 'Evening meds', Luna's 'Feeding', Luna's 'Grooming'
2026-08-02 22:21:49,166 - agentic_planner - WARNING - Conflict detected: Conflict on 2026-08-02 at 09:00: Mochi's 'Morning walk', Mochi's 'Breakfast', Mochi's 'Evening meds', Luna's 'Feeding', Luna's 'Grooming'
2026-08-02 22:21:49,166 - agentic_planner - WARNING - Conflict detected: Conflict on 2026-08-02 at 09:00: Mochi's 'Morning walk', Mochi's 'Breakfast', Mochi's 'Evening meds', Luna's 'Feeding', Luna's 'Grooming'
2026-08-02 22:21:49,167 - agentic_planner - WARNING - Conflict detected: Conflict on 2026-08-02 at 09:00: Mochi's 'Morning walk', Mochi's 'Breakfast', Mochi's 'Evening meds', Luna's 'Feeding', Luna's 'Grooming'
2026-08-02 22:21:49,167 - agentic_planner - WARNING - Conflict detected: Conflict on 2026-08-02 at 09:00: Mochi's 'Morning walk', Mochi's 'Breakfast', Mochi's 'Evening meds', Luna's 'Feeding', Luna's 'Grooming'
2026-08-02 22:21:49,167 - agentic_planner - WARNING - Conflict detected: Conflict on 2026-08-02 at 09:00: Mochi's 'Morning walk', Mochi's 'Breakfast', Mochi's 'Evening meds', Luna's 'Feeding', Luna's 'Grooming'
2026-08-02 22:21:49,167 - agentic_planner - WARNING - Conflict detected: Conflict on 2026-08-02 at 09:00: Mochi's 'Morning walk', Mochi's 'Breakfast', Mochi's 'Evening meds', Luna's 'Feeding', Luna's 'Grooming'
2026-08-02 22:21:49,167 - agentic_planner - WARNING - Conflict detected: Conflict on 2026-08-02 at 09:00: Mochi's 'Morning walk', Mochi's 'Breakfast', Mochi's 'Evening meds', Luna's 'Feeding', Luna's 'Grooming'
2026-08-02 22:21:49,167 - agentic_planner - WARNING - Conflict detected: Conflict on 2026-08-02 at 09:00: Mochi's 'Morning walk', Mochi's 'Breakfast', Mochi's 'Evening meds', Luna's 'Feeding', Luna's 'Grooming'
2026-08-02 22:21:49,167 - agentic_planner - WARNING - Conflict detected: Conflict on 2026-08-02 at 09:00: Mochi's 'Morning walk', Mochi's 'Breakfast', Mochi's 'Evening meds', Luna's 'Feeding', Luna's 'Grooming'
2026-08-02 22:21:49,167 - agentic_planner - WARNING - Conflict detected: Conflict on 2026-08-02 at 09:00: Mochi's 'Morning walk', Mochi's 'Breakfast', Mochi's 'Evening meds', Luna's 'Feeding', Luna's 'Grooming'
2026-08-02 22:21:49,167 - agentic_planner - WARNING - Conflict detected: Conflict on 2026-08-02 at 09:00: Mochi's 'Morning walk', Mochi's 'Breakfast', Mochi's 'Evening meds', Luna's 'Feeding', Luna's 'Grooming'
2026-08-02 22:21:49,167 - agentic_planner - WARNING - Conflict detected: Conflict on 2026-08-02 at 09:00: Mochi's 'Morning walk', Mochi's 'Breakfast', Mochi's 'Evening meds', Luna's 'Feeding', Luna's 'Grooming'
2026-08-02 22:21:49,167 - agentic_planner - WARNING - Conflict detected: Conflict on 2026-08-02 at 09:00: Mochi's 'Morning walk', Mochi's 'Breakfast', Mochi's 'Evening meds', Luna's 'Feeding', Luna's 'Grooming'
2026-08-02 22:21:49,167 - agentic_planner - WARNING - Conflict detected: Conflict on 2026-08-02 at 09:00: Mochi's 'Morning walk', Mochi's 'Breakfast', Mochi's 'Evening meds', Luna's 'Feeding', Luna's 'Grooming'
2026-08-02 22:21:49,167 - agentic_planner - WARNING - Conflict detected: Conflict on 2026-08-02 at 09:00: Mochi's 'Morning walk', Mochi's 'Breakfast', Mochi's 'Evening meds', Luna's 'Feeding', Luna's 'Grooming'
2026-08-02 22:21:49,167 - agentic_planner - WARNING - Conflict detected: Conflict on 2026-08-02 at 09:00: Mochi's 'Morning walk', Mochi's 'Breakfast', Mochi's 'Evening meds', Luna's 'Feeding', Luna's 'Grooming'
2026-08-02 22:21:49,167 - agentic_planner - WARNING - Conflict detected: Conflict on 2026-08-02 at 09:00: Mochi's 'Morning walk', Mochi's 'Breakfast', Mochi's 'Evening meds', Luna's 'Feeding', Luna's 'Grooming'
2026-08-02 22:21:49,169 - agentic_planner - WARNING - Conflict detected: Conflict on 2026-08-02 at 09:00: Mochi's 'Morning walk', Mochi's 'Breakfast', Mochi's 'Evening meds', Luna's 'Feeding', Luna's 'Grooming'
2026-08-02 22:21:49,169 - agentic_planner - WARNING - Conflict detected: Conflict on 2026-08-02 at 09:00: Mochi's 'Morning walk', Mochi's 'Breakfast', Mochi's 'Evening meds', Luna's 'Feeding', Luna's 'Grooming'
2026-08-02 22:21:49,169 - agentic_planner - WARNING - Conflict detected: Conflict on 2026-08-02 at 09:00: Mochi's 'Morning walk', Mochi's 'Breakfast', Mochi's 'Evening meds', Luna's 'Feeding', Luna's 'Grooming'
2026-08-02 22:21:49,169 - agentic_planner - WARNING - Conflict detected: Conflict on 2026-08-02 at 09:00: Mochi's 'Morning walk', Mochi's 'Breakfast', Mochi's 'Evening meds', Luna's 'Feeding', Luna's 'Grooming'
2026-08-02 22:21:49,169 - agentic_planner - WARNING - Conflict detected: Conflict on 2026-08-02 at 09:00: Mochi's 'Morning walk', Mochi's 'Breakfast', Mochi's 'Evening meds', Luna's 'Feeding', Luna's 'Grooming'
2026-08-02 22:21:49,169 - agentic_planner - WARNING - Conflict detected: Conflict on 2026-08-02 at 09:00: Mochi's 'Morning walk', Mochi's 'Breakfast', Mochi's 'Evening meds', Luna's 'Feeding', Luna's 'Grooming'
2026-08-02 22:21:49,169 - agentic_planner - WARNING - Conflict detected: Conflict on 2026-08-02 at 09:00: Mochi's 'Morning walk', Mochi's 'Breakfast', Mochi's 'Evening meds', Luna's 'Feeding', Luna's 'Grooming'
2026-08-02 22:21:49,169 - agentic_planner - WARNING - Conflict detected: Conflict on 2026-08-02 at 09:00: Mochi's 'Morning walk', Mochi's 'Breakfast', Mochi's 'Evening meds', Luna's 'Feeding', Luna's 'Grooming'
2026-08-02 22:21:49,169 - agentic_planner - WARNING - Conflict detected: Conflict on 2026-08-02 at 09:00: Mochi's 'Morning walk', Mochi's 'Breakfast', Mochi's 'Evening meds', Luna's 'Feeding', Luna's 'Grooming'
2026-08-02 22:21:49,169 - agentic_planner - WARNING - Conflict detected: Conflict on 2026-08-02 at 09:00: Mochi's 'Morning walk', Mochi's 'Breakfast', Mochi's 'Evening meds', Luna's 'Feeding', Luna's 'Grooming'
2026-08-02 22:21:49,169 - agentic_planner - WARNING - Conflict detected: Conflict on 2026-08-02 at 09:00: Mochi's 'Morning walk', Mochi's 'Breakfast', Mochi's 'Evening meds', Luna's 'Feeding', Luna's 'Grooming'
2026-08-02 22:21:49,169 - agentic_planner - WARNING - Conflict detected: Conflict on 2026-08-02 at 09:00: Mochi's 'Morning walk', Mochi's 'Breakfast', Mochi's 'Evening meds', Luna's 'Feeding', Luna's 'Grooming'
2026-08-02 22:21:49,169 - agentic_planner - WARNING - Conflict detected: Conflict on 2026-08-02 at 09:00: Mochi's 'Morning walk', Mochi's 'Breakfast', Mochi's 'Evening meds', Luna's 'Feeding', Luna's 'Grooming'
2026-08-02 22:21:49,169 - agentic_planner - WARNING - Conflict detected: Conflict on 2026-08-02 at 09:00: Mochi's 'Morning walk', Mochi's 'Breakfast', Mochi's 'Evening meds', Luna's 'Feeding', Luna's 'Grooming'
2026-08-02 22:21:49,169 - agentic_planner - WARNING - Conflict detected: Conflict on 2026-08-02 at 09:00: Mochi's 'Morning walk', Mochi's 'Breakfast', Mochi's 'Evening meds', Luna's 'Feeding', Luna's 'Grooming'
2026-08-02 22:21:49,169 - agentic_planner - WARNING - Conflict detected: Conflict on 2026-08-02 at 09:00: Mochi's 'Morning walk', Mochi's 'Breakfast', Mochi's 'Evening meds', Luna's 'Feeding', Luna's 'Grooming'
2026-08-02 22:21:49,169 - agentic_planner - WARNING - Conflict detected: Conflict on 2026-08-02 at 09:00: Mochi's 'Morning walk', Mochi's 'Breakfast', Mochi's 'Evening meds', Luna's 'Feeding', Luna's 'Grooming'
2026-08-02 22:21:49,171 - agentic_planner - WARNING - Conflict detected: Conflict on 2026-08-02 at 09:00: Mochi's 'Morning walk', Mochi's 'Breakfast', Mochi's 'Evening meds', Luna's 'Feeding', Luna's 'Grooming'
2026-08-02 22:21:49,171 - agentic_planner - WARNING - Conflict detected: Conflict on 2026-08-02 at 09:00: Mochi's 'Morning walk', Mochi's 'Breakfast', Mochi's 'Evening meds', Luna's 'Feeding', Luna's 'Grooming'
2026-08-02 22:21:49,171 - agentic_planner - WARNING - Conflict detected: Conflict on 2026-08-02 at 09:00: Mochi's 'Morning walk', Mochi's 'Breakfast', Mochi's 'Evening meds', Luna's 'Feeding', Luna's 'Grooming'
2026-08-02 22:21:49,171 - agentic_planner - WARNING - Conflict detected: Conflict on 2026-08-02 at 09:00: Mochi's 'Morning walk', Mochi's 'Breakfast', Mochi's 'Evening meds', Luna's 'Feeding', Luna's 'Grooming'
2026-08-02 22:21:49,171 - agentic_planner - WARNING - Conflict detected: Conflict on 2026-08-02 at 09:00: Mochi's 'Morning walk', Mochi's 'Breakfast', Mochi's 'Evening meds', Luna's 'Feeding', Luna's 'Grooming'
2026-08-02 22:21:49,171 - agentic_planner - WARNING - Conflict detected: Conflict on 2026-08-02 at 09:00: Mochi's 'Morning walk', Mochi's 'Breakfast', Mochi's 'Evening meds', Luna's 'Feeding', Luna's 'Grooming'
2026-08-02 22:21:49,171 - agentic_planner - WARNING - Conflict detected: Conflict on 2026-08-02 at 09:00: Mochi's 'Morning walk', Mochi's 'Breakfast', Mochi's 'Evening meds', Luna's 'Feeding', Luna's 'Grooming'
2026-08-02 22:21:49,171 - agentic_planner - WARNING - Conflict detected: Conflict on 2026-08-02 at 09:00: Mochi's 'Morning walk', Mochi's 'Breakfast', Mochi's 'Evening meds', Luna's 'Feeding', Luna's 'Grooming'
2026-08-02 22:21:49,171 - agentic_planner - WARNING - Conflict detected: Conflict on 2026-08-02 at 09:00: Mochi's 'Morning walk', Mochi's 'Breakfast', Mochi's 'Evening meds', Luna's 'Feeding', Luna's 'Grooming'
2026-08-02 22:21:49,171 - agentic_planner - WARNING - Conflict detected: Conflict on 2026-08-02 at 09:00: Mochi's 'Morning walk', Mochi's 'Breakfast', Mochi's 'Evening meds', Luna's 'Feeding', Luna's 'Grooming'
2026-08-02 22:21:49,171 - agentic_planner - WARNING - Conflict detected: Conflict on 2026-08-02 at 09:00: Mochi's 'Morning walk', Mochi's 'Breakfast', Mochi's 'Evening meds', Luna's 'Feeding', Luna's 'Grooming'
2026-08-02 22:21:49,171 - agentic_planner - WARNING - Conflict detected: Conflict on 2026-08-02 at 09:00: Mochi's 'Morning walk', Mochi's 'Breakfast', Mochi's 'Evening meds', Luna's 'Feeding', Luna's 'Grooming'
2026-08-02 22:21:49,171 - agentic_planner - WARNING - Conflict detected: Conflict on 2026-08-02 at 09:00: Mochi's 'Morning walk', Mochi's 'Breakfast', Mochi's 'Evening meds', Luna's 'Feeding', Luna's 'Grooming'
2026-08-02 22:21:49,171 - agentic_planner - WARNING - Conflict detected: Conflict on 2026-08-02 at 09:00: Mochi's 'Morning walk', Mochi's 'Breakfast', Mochi's 'Evening meds', Luna's 'Feeding', Luna's 'Grooming'
2026-08-02 22:21:49,171 - agentic_planner - WARNING - Conflict detected: Conflict on 2026-08-02 at 09:00: Mochi's 'Morning walk', Mochi's 'Breakfast', Mochi's 'Evening meds', Luna's 'Feeding', Luna's 'Grooming'
2026-08-02 22:21:49,171 - agentic_planner - WARNING - Conflict detected: Conflict on 2026-08-02 at 09:00: Mochi's 'Morning walk', Mochi's 'Breakfast', Mochi's 'Evening meds', Luna's 'Feeding', Luna's 'Grooming'
2026-08-02 22:21:49,171 - agentic_planner - WARNING - Conflict detected: Conflict on 2026-08-02 at 09:00: Mochi's 'Morning walk', Mochi's 'Breakfast', Mochi's 'Evening meds', Luna's 'Feeding', Luna's 'Grooming'
2026-08-02 22:21:49,171 - agentic_planner - WARNING - Conflict detected: Conflict on 2026-08-02 at 09:00: Mochi's 'Morning walk', Mochi's 'Breakfast', Mochi's 'Evening meds', Luna's 'Feeding', Luna's 'Grooming'
2026-08-02 22:21:49,171 - agentic_planner - WARNING - Conflict detected: Conflict on 2026-08-02 at 09:00: Mochi's 'Morning walk', Mochi's 'Breakfast', Mochi's 'Evening meds', Luna's 'Feeding', Luna's 'Grooming'
2026-08-02 22:21:49,172 - agentic_planner - WARNING - Conflict detected: Conflict on 2026-08-02 at 09:00: Mochi's 'Morning walk', Mochi's 'Evening meds', Mochi's 'Breakfast', Whiskers's 'Feeding', Whiskers's 'Grooming'
2026-08-02 22:21:49,172 - agentic_planner - WARNING - Conflict detected: Conflict on 2026-08-02 at 09:00: Mochi's 'Morning walk', Mochi's 'Evening meds', Mochi's 'Breakfast', Whiskers's 'Feeding', Whiskers's 'Grooming'
2026-08-02 22:21:49,172 - agentic_planner - WARNING - Conflict detected: Conflict on 2026-08-02 at 09:00: Mochi's 'Morning walk', Mochi's 'Evening meds', Mochi's 'Breakfast', Whiskers's 'Feeding', Whiskers's 'Grooming'
2026-08-02 22:21:49,172 - agentic_planner - WARNING - Conflict detected: Conflict on 2026-08-02 at 09:00: Mochi's 'Morning walk', Mochi's 'Evening meds', Mochi's 'Breakfast', Whiskers's 'Feeding', Whiskers's 'Grooming'
2026-08-02 22:21:49,172 - agentic_planner - WARNING - Conflict detected: Conflict on 2026-08-02 at 09:00: Mochi's 'Morning walk', Mochi's 'Evening meds', Mochi's 'Breakfast', Whiskers's 'Feeding', Whiskers's 'Grooming'
2026-08-02 22:21:49,172 - agentic_planner - WARNING - Conflict detected: Conflict on 2026-08-02 at 09:00: Mochi's 'Morning walk', Mochi's 'Evening meds', Mochi's 'Breakfast', Whiskers's 'Feeding', Whiskers's 'Grooming'
2026-08-02 22:21:49,172 - agentic_planner - WARNING - Conflict detected: Conflict on 2026-08-02 at 09:00: Mochi's 'Morning walk', Mochi's 'Evening meds', Mochi's 'Breakfast', Whiskers's 'Feeding', Whiskers's 'Grooming'
2026-08-02 22:21:49,172 - agentic_planner - WARNING - Conflict detected: Conflict on 2026-08-02 at 09:00: Mochi's 'Morning walk', Mochi's 'Evening meds', Mochi's 'Breakfast', Whiskers's 'Feeding', Whiskers's 'Grooming'
2026-08-02 22:21:49,172 - agentic_planner - WARNING - Conflict detected: Conflict on 2026-08-02 at 09:00: Mochi's 'Morning walk', Mochi's 'Evening meds', Mochi's 'Breakfast', Whiskers's 'Feeding', Whiskers's 'Grooming'
2026-08-02 22:21:49,172 - agentic_planner - WARNING - Conflict detected: Conflict on 2026-08-02 at 09:00: Mochi's 'Morning walk', Mochi's 'Evening meds', Mochi's 'Breakfast', Whiskers's 'Feeding', Whiskers's 'Grooming'
2026-08-02 22:21:49,172 - agentic_planner - WARNING - Conflict detected: Conflict on 2026-08-02 at 09:00: Mochi's 'Morning walk', Mochi's 'Evening meds', Mochi's 'Breakfast', Whiskers's 'Feeding', Whiskers's 'Grooming'
2026-08-02 22:21:49,172 - agentic_planner - WARNING - Conflict detected: Conflict on 2026-08-02 at 09:00: Mochi's 'Morning walk', Mochi's 'Evening meds', Mochi's 'Breakfast', Whiskers's 'Feeding', Whiskers's 'Grooming'
2026-08-02 22:21:49,172 - agentic_planner - WARNING - Conflict detected: Conflict on 2026-08-02 at 09:00: Mochi's 'Morning walk', Mochi's 'Evening meds', Mochi's 'Breakfast', Whiskers's 'Feeding', Whiskers's 'Grooming'
2026-08-02 22:21:49,172 - agentic_planner - WARNING - Conflict detected: Conflict on 2026-08-02 at 09:00: Mochi's 'Morning walk', Mochi's 'Evening meds', Mochi's 'Breakfast', Whiskers's 'Feeding', Whiskers's 'Grooming'
2026-08-02 22:21:49,172 - agentic_planner - WARNING - Conflict detected: Conflict on 2026-08-02 at 09:00: Mochi's 'Morning walk', Mochi's 'Evening meds', Mochi's 'Breakfast', Whiskers's 'Feeding', Whiskers's 'Grooming'
2026-08-02 22:21:49,172 - agentic_planner - WARNING - Conflict detected: Conflict on 2026-08-02 at 09:00: Mochi's 'Morning walk', Mochi's 'Evening meds', Mochi's 'Breakfast', Whiskers's 'Feeding', Whiskers's 'Grooming'
2026-08-02 22:21:49,172 - agentic_planner - WARNING - Conflict detected: Conflict on 2026-08-02 at 09:00: Mochi's 'Morning walk', Mochi's 'Evening meds', Mochi's 'Breakfast', Whiskers's 'Feeding', Whiskers's 'Grooming'
2026-08-02 22:21:49,172 - agentic_planner - WARNING - Conflict detected: Conflict on 2026-08-02 at 09:00: Mochi's 'Morning walk', Mochi's 'Evening meds', Mochi's 'Breakfast', Whiskers's 'Feeding', Whiskers's 'Grooming'
2026-08-02 22:21:49,172 - agentic_planner - WARNING - Conflict detected: Conflict on 2026-08-02 at 09:00: Mochi's 'Morning walk', Mochi's 'Evening meds', Mochi's 'Breakfast', Whiskers's 'Feeding', Whiskers's 'Grooming'
2026-08-02 22:21:49,172 - agentic_planner - WARNING - Conflict detected: Conflict on 2026-08-02 at 09:00: Mochi's 'Morning walk', Mochi's 'Evening meds', Mochi's 'Breakfast', Whiskers's 'Feeding', Whiskers's 'Grooming'
2026-08-02 22:21:49,172 - agentic_planner - WARNING - Conflict detected: Conflict on 2026-08-02 at 09:00: Mochi's 'Morning walk', Mochi's 'Evening meds', Mochi's 'Breakfast', Whiskers's 'Feeding', Whiskers's 'Grooming'
2026-08-02 22:21:49,173 - agentic_planner - WARNING - Conflict detected: Conflict on 2026-08-02 at 09:00: Buddy's 'Walk', Buddy's 'Feed'
2026-08-02 22:21:49,173 - agentic_planner - WARNING - Conflict detected: Conflict on 2026-08-02 at 09:00: Buddy's 'Walk', Buddy's 'Feed'
2026-08-02 22:21:49,173 - agentic_planner - WARNING - Conflict detected: Conflict on 2026-08-02 at 09:00: Buddy's 'Walk', Buddy's 'Feed'
2026-08-02 22:21:49,173 - agentic_planner - WARNING - Conflict detected: Conflict on 2026-08-02 at 09:00: Buddy's 'Walk', Buddy's 'Feed'
2026-08-02 22:21:49,173 - agentic_planner - WARNING - Conflict detected: Conflict on 2026-08-02 at 09:00: Buddy's 'Walk', Buddy's 'Feed'
2026-08-02 22:21:49,173 - agentic_planner - WARNING - Conflict detected: Conflict on 2026-08-02 at 09:00: Buddy's 'Walk', Buddy's 'Feed'
2026-08-02 22:21:49,173 - agentic_planner - WARNING - Conflict detected: Conflict on 2026-08-02 at 09:00: Buddy's 'Walk', Buddy's 'Feed'
2026-08-02 22:21:49,173 - agentic_planner - WARNING - Conflict detected: Conflict on 2026-08-02 at 09:00: Buddy's 'Walk', Buddy's 'Feed'
2026-08-02 22:21:49,173 - agentic_planner - WARNING - Conflict detected: Conflict on 2026-08-02 at 09:00: Buddy's 'Walk', Buddy's 'Feed'
2026-08-02 22:21:49,173 - agentic_planner - WARNING - Conflict detected: Conflict on 2026-08-02 at 09:00: Buddy's 'Walk', Buddy's 'Feed'
2026-08-02 22:21:49,173 - agentic_planner - WARNING - Conflict detected: Conflict on 2026-08-02 at 09:00: Buddy's 'Walk', Buddy's 'Feed'
2026-08-02 22:21:49,173 - agentic_planner - WARNING - Conflict detected: Conflict on 2026-08-02 at 09:00: Buddy's 'Walk', Buddy's 'Feed'
2026-08-02 22:21:49,173 - agentic_planner - WARNING - Conflict detected: Conflict on 2026-08-02 at 09:00: Buddy's 'Walk', Buddy's 'Feed'
2026-08-02 22:21:49,173 - agentic_planner - WARNING - Conflict detected: Conflict on 2026-08-02 at 09:00: Buddy's 'Walk', Buddy's 'Feed'
2026-08-02 22:21:49,173 - agentic_planner - WARNING - Conflict detected: Conflict on 2026-08-02 at 09:00: Buddy's 'Walk', Buddy's 'Feed'
2026-08-02 22:21:49,173 - agentic_planner - WARNING - Conflict detected: Conflict on 2026-08-02 at 09:00: Buddy's 'Walk', Buddy's 'Feed'
2026-08-02 22:21:49,173 - agentic_planner - WARNING - Conflict detected: Conflict on 2026-08-02 at 09:00: Buddy's 'Walk', Buddy's 'Feed'
2026-08-02 22:21:49,173 - agentic_planner - WARNING - Conflict detected: Conflict on 2026-08-02 at 09:00: Buddy's 'Walk', Buddy's 'Feed'
2026-08-02 22:21:49,173 - agentic_planner - WARNING - Conflict detected: Conflict on 2026-08-02 at 09:00: Buddy's 'Walk', Buddy's 'Feed'
2026-08-02 22:21:49,173 - agentic_planner - WARNING - Conflict detected: Conflict on 2026-08-02 at 09:00: Buddy's 'Walk', Buddy's 'Feed'
2026-08-02 22:21:49,173 - agentic_planner - WARNING - Conflict detected: Conflict on 2026-08-02 at 09:00: Buddy's 'Walk', Buddy's 'Feed'
2026-08-02 22:21:49,173 - agentic_planner - WARNING - Conflict detected: Conflict on 2026-08-02 at 09:00: Buddy's 'Walk', Buddy's 'Feed'
2026-08-02 22:21:49,173 - agentic_planner - WARNING - Conflict detected: Conflict on 2026-08-02 at 09:00: Buddy's 'Walk', Buddy's 'Feed'
2026-08-02 22:22:10,331 - agentic_planner - WARNING - Conflict detected: Conflict on 2026-08-02 at 08:00: Mochi's 'Morning walk', Whiskers's 'Feeding'
2026-08-02 22:22:10,331 - agentic_planner - WARNING - Conflict detected: Conflict on 2026-08-02 at 08:00: Mochi's 'Morning walk', Whiskers's 'Feeding'
2026-08-02 22:22:10,332 - agentic_planner - WARNING - 1 tasks could not be scheduled
2026-08-02 22:22:10,332 - agentic_planner - WARNING - 1 tasks could not be scheduled
2026-08-02 22:22:33,738 - agentic_planner - WARNING - Conflict detected: Conflict on 2026-08-02 at 09:00: Mochi's 'Morning walk', Mochi's 'Breakfast', Mochi's 'Evening meds', Luna's 'Feeding', Luna's 'Grooming'
2026-08-02 22:22:33,738 - agentic_planner - WARNING - Conflict detected: Conflict on 2026-08-02 at 09:00: Mochi's 'Morning walk', Mochi's 'Breakfast', Mochi's 'Evening meds', Luna's 'Feeding', Luna's 'Grooming'
2026-08-02 22:22:33,740 - agentic_planner - WARNING - Conflict detected: Conflict on 2026-08-02 at 09:00: Mochi's 'Morning walk', Mochi's 'Breakfast', Mochi's 'Evening meds', Luna's 'Feeding', Luna's 'Grooming'
2026-08-02 22:22:33,740 - agentic_planner - WARNING - Conflict detected: Conflict on 2026-08-02 at 09:00: Mochi's 'Morning walk', Mochi's 'Breakfast', Mochi's 'Evening meds', Luna's 'Feeding', Luna's 'Grooming'
2026-08-02 22:22:33,740 - agentic_planner - WARNING - Conflict detected: Conflict on 2026-08-02 at 09:00: Mochi's 'Morning walk', Mochi's 'Breakfast', Mochi's 'Evening meds', Luna's 'Feeding', Luna's 'Grooming'
2026-08-02 22:22:33,740 - agentic_planner - WARNING - Conflict detected: Conflict on 2026-08-02 at 09:00: Mochi's 'Morning walk', Mochi's 'Breakfast', Mochi's 'Evening meds', Luna's 'Feeding', Luna's 'Grooming'
2026-08-02 22:22:33,741 - agentic_planner - WARNING - Conflict detected: Conflict on 2026-08-02 at 09:00: Mochi's 'Morning walk', Mochi's 'Breakfast', Mochi's 'Evening meds', Luna's 'Feeding', Luna's 'Grooming'
2026-08-02 22:22:33,741 - agentic_planner - WARNING - Conflict detected: Conflict on 2026-08-02 at 09:00: Mochi's 'Morning walk', Mochi's 'Breakfast', Mochi's 'Evening meds', Luna's 'Feeding', Luna's 'Grooming'
2026-08-02 22:22:33,741 - agentic_planner - WARNING - Conflict detected: Conflict on 2026-08-02 at 09:00: Mochi's 'Morning walk', Mochi's 'Breakfast', Mochi's 'Evening meds', Luna's 'Feeding', Luna's 'Grooming'
2026-08-02 22:22:33,741 - agentic_planner - WARNING - Conflict detected: Conflict on 2026-08-02 at 09:00: Mochi's 'Morning walk', Mochi's 'Breakfast', Mochi's 'Evening meds', Luna's 'Feeding', Luna's 'Grooming'
2026-08-02 22:22:33,741 - agentic_planner - WARNING - Conflict detected: Conflict on 2026-08-02 at 09:00: Mochi's 'Morning walk', Mochi's 'Breakfast', Mochi's 'Evening meds', Luna's 'Feeding', Luna's 'Grooming'
2026-08-02 22:22:33,741 - agentic_planner - WARNING - Conflict detected: Conflict on 2026-08-02 at 09:00: Mochi's 'Morning walk', Mochi's 'Breakfast', Mochi's 'Evening meds', Luna's 'Feeding', Luna's 'Grooming'
2026-08-02 22:22:33,743 - agentic_planner - WARNING - Task load is significantly higher than available time
2026-08-02 22:22:33,743 - agentic_planner - WARNING - Task load is significantly higher than available time
2026-08-02 22:22:33,743 - agentic_planner - WARNING - Task load is significantly higher than available time
2026-08-02 22:22:33,743 - agentic_planner - WARNING - Task load is significantly higher than available time
2026-08-02 22:22:33,743 - agentic_planner - WARNING - Task load is significantly higher than available time
2026-08-02 22:22:33,743 - agentic_planner - WARNING - Task load is significantly higher than available time
2026-08-02 22:22:33,743 - agentic_planner - WARNING - Task load is significantly higher than available time
2026-08-02 22:22:33,743 - agentic_planner - WARNING - Task load is significantly higher than available time
2026-08-02 22:22:33,744 - agentic_planner - WARNING - Conflict detected: Conflict on 2026-08-02 at 09:00: Max's 'Walk', Max's 'Feed', Max's 'Groom'
2026-08-02 22:22:33,744 - agentic_planner - WARNING - Conflict detected: Conflict on 2026-08-02 at 09:00: Max's 'Walk', Max's 'Feed', Max's 'Groom'
2026-08-02 22:22:33,744 - agentic_planner - WARNING - Conflict detected: Conflict on 2026-08-02 at 09:00: Max's 'Walk', Max's 'Feed', Max's 'Groom'
2026-08-02 22:22:33,744 - agentic_planner - WARNING - Conflict detected: Conflict on 2026-08-02 at 09:00: Max's 'Walk', Max's 'Feed', Max's 'Groom'
2026-08-02 22:22:33,744 - agentic_planner - WARNING - Conflict detected: Conflict on 2026-08-02 at 09:00: Max's 'Walk', Max's 'Feed', Max's 'Groom'
2026-08-02 22:22:33,744 - agentic_planner - WARNING - Conflict detected: Conflict on 2026-08-02 at 09:00: Max's 'Walk', Max's 'Feed', Max's 'Groom'
2026-08-02 22:22:33,744 - agentic_planner - WARNING - Conflict detected: Conflict on 2026-08-02 at 09:00: Max's 'Walk', Max's 'Feed', Max's 'Groom'
2026-08-02 22:22:33,744 - agentic_planner - WARNING - Conflict detected: Conflict on 2026-08-02 at 09:00: Max's 'Walk', Max's 'Feed', Max's 'Groom'
2026-08-02 22:22:33,745 - agentic_planner - WARNING - 2 tasks could not be scheduled
2026-08-02 22:22:33,745 - agentic_planner - WARNING - 2 tasks could not be scheduled
2026-08-02 22:22:33,745 - agentic_planner - WARNING - 2 tasks could not be scheduled
2026-08-02 22:22:33,745 - agentic_planner - WARNING - 2 tasks could not be scheduled
2026-08-02 22:22:33,745 - agentic_planner - WARNING - 2 tasks could not be scheduled
2026-08-02 22:22:33,745 - agentic_planner - WARNING - 2 tasks could not be scheduled
2026-08-02 22:22:33,745 - agentic_planner - WARNING - 2 tasks could not be scheduled
2026-08-02 22:22:33,745 - agentic_planner - WARNING - 2 tasks could not be scheduled
2026-08-02 22:22:33,747 - agentic_planner - WARNING - Conflict detected: Conflict on 2026-08-02 at 09:00: Mochi's 'Morning walk', Mochi's 'Breakfast', Mochi's 'Evening meds', Luna's 'Feeding', Luna's 'Grooming'
2026-08-02 22:22:33,747 - agentic_planner - WARNING - Conflict detected: Conflict on 2026-08-02 at 09:00: Mochi's 'Morning walk', Mochi's 'Breakfast', Mochi's 'Evening meds', Luna's 'Feeding', Luna's 'Grooming'
2026-08-02 22:22:33,747 - agentic_planner - WARNING - Conflict detected: Conflict on 2026-08-02 at 09:00: Mochi's 'Morning walk', Mochi's 'Breakfast', Mochi's 'Evening meds', Luna's 'Feeding', Luna's 'Grooming'
2026-08-02 22:22:33,747 - agentic_planner - WARNING - Conflict detected: Conflict on 2026-08-02 at 09:00: Mochi's 'Morning walk', Mochi's 'Breakfast', Mochi's 'Evening meds', Luna's 'Feeding', Luna's 'Grooming'
2026-08-02 22:22:33,747 - agentic_planner - WARNING - Conflict detected: Conflict on 2026-08-02 at 09:00: Mochi's 'Morning walk', Mochi's 'Breakfast', Mochi's 'Evening meds', Luna's 'Feeding', Luna's 'Grooming'
2026-08-02 22:22:33,747 - agentic_planner - WARNING - Conflict detected: Conflict on 2026-08-02 at 09:00: Mochi's 'Morning walk', Mochi's 'Breakfast', Mochi's 'Evening meds', Luna's 'Feeding', Luna's 'Grooming'
2026-08-02 22:22:33,747 - agentic_planner - WARNING - Conflict detected: Conflict on 2026-08-02 at 09:00: Mochi's 'Morning walk', Mochi's 'Breakfast', Mochi's 'Evening meds', Luna's 'Feeding', Luna's 'Grooming'
2026-08-02 22:22:33,747 - agentic_planner - WARNING - Conflict detected: Conflict on 2026-08-02 at 09:00: Mochi's 'Morning walk', Mochi's 'Breakfast', Mochi's 'Evening meds', Luna's 'Feeding', Luna's 'Grooming'
2026-08-02 22:22:33,747 - agentic_planner - WARNING - Conflict detected: Conflict on 2026-08-02 at 09:00: Mochi's 'Morning walk', Mochi's 'Breakfast', Mochi's 'Evening meds', Luna's 'Feeding', Luna's 'Grooming'
2026-08-02 22:22:33,747 - agentic_planner - WARNING - Conflict detected: Conflict on 2026-08-02 at 09:00: Mochi's 'Morning walk', Mochi's 'Breakfast', Mochi's 'Evening meds', Luna's 'Feeding', Luna's 'Grooming'
2026-08-02 22:22:33,749 - agentic_planner - WARNING - Conflict detected: Conflict on 2026-08-02 at 09:00: Mochi's 'Morning walk', Mochi's 'Breakfast', Mochi's 'Evening meds', Luna's 'Feeding', Luna's 'Grooming'
2026-08-02 22:22:33,749 - agentic_planner - WARNING - Conflict detected: Conflict on 2026-08-02 at 09:00: Mochi's 'Morning walk', Mochi's 'Breakfast', Mochi's 'Evening meds', Luna's 'Feeding', Luna's 'Grooming'
2026-08-02 22:22:33,749 - agentic_planner - WARNING - Conflict detected: Conflict on 2026-08-02 at 09:00: Mochi's 'Morning walk', Mochi's 'Breakfast', Mochi's 'Evening meds', Luna's 'Feeding', Luna's 'Grooming'
2026-08-02 22:22:33,749 - agentic_planner - WARNING - Conflict detected: Conflict on 2026-08-02 at 09:00: Mochi's 'Morning walk', Mochi's 'Breakfast', Mochi's 'Evening meds', Luna's 'Feeding', Luna's 'Grooming'
2026-08-02 22:22:33,749 - agentic_planner - WARNING - Conflict detected: Conflict on 2026-08-02 at 09:00: Mochi's 'Morning walk', Mochi's 'Breakfast', Mochi's 'Evening meds', Luna's 'Feeding', Luna's 'Grooming'
2026-08-02 22:22:33,749 - agentic_planner - WARNING - Conflict detected: Conflict on 2026-08-02 at 09:00: Mochi's 'Morning walk', Mochi's 'Breakfast', Mochi's 'Evening meds', Luna's 'Feeding', Luna's 'Grooming'
2026-08-02 22:22:33,749 - agentic_planner - WARNING - Conflict detected: Conflict on 2026-08-02 at 09:00: Mochi's 'Morning walk', Mochi's 'Breakfast', Mochi's 'Evening meds', Luna's 'Feeding', Luna's 'Grooming'
2026-08-02 22:22:33,749 - agentic_planner - WARNING - Conflict detected: Conflict on 2026-08-02 at 09:00: Mochi's 'Morning walk', Mochi's 'Breakfast', Mochi's 'Evening meds', Luna's 'Feeding', Luna's 'Grooming'
2026-08-02 22:22:33,749 - agentic_planner - WARNING - Conflict detected: Conflict on 2026-08-02 at 09:00: Mochi's 'Morning walk', Mochi's 'Breakfast', Mochi's 'Evening meds', Luna's 'Feeding', Luna's 'Grooming'
2026-08-02 22:22:33,749 - agentic_planner - WARNING - Conflict detected: Conflict on 2026-08-02 at 09:00: Mochi's 'Morning walk', Mochi's 'Breakfast', Mochi's 'Evening meds', Luna's 'Feeding', Luna's 'Grooming'
2026-08-02 22:22:33,749 - agentic_planner - WARNING - Conflict detected: Conflict on 2026-08-02 at 09:00: Mochi's 'Morning walk', Mochi's 'Breakfast', Mochi's 'Evening meds', Luna's 'Feeding', Luna's 'Grooming'
2026-08-02 22:22:33,749 - agentic_planner - WARNING - Conflict detected: Conflict on 2026-08-02 at 09:00: Mochi's 'Morning walk', Mochi's 'Breakfast', Mochi's 'Evening meds', Luna's 'Feeding', Luna's 'Grooming'
2026-08-02 22:22:33,749 - agentic_planner - WARNING - Conflict detected: Conflict on 2026-08-02 at 09:00: Mochi's 'Morning walk', Mochi's 'Breakfast', Mochi's 'Evening meds', Luna's 'Feeding', Luna's 'Grooming'
2026-08-02 22:22:33,750 - agentic_planner - WARNING - Conflict detected: Conflict on 2026-08-02 at 09:00: Mochi's 'Morning walk', Mochi's 'Breakfast', Mochi's 'Evening meds', Luna's 'Feeding', Luna's 'Grooming'
2026-08-02 22:22:33,750 - agentic_planner - WARNING - Conflict detected: Conflict on 2026-08-02 at 09:00: Mochi's 'Morning walk', Mochi's 'Breakfast', Mochi's 'Evening meds', Luna's 'Feeding', Luna's 'Grooming'
2026-08-02 22:22:33,750 - agentic_planner - WARNING - Conflict detected: Conflict on 2026-08-02 at 09:00: Mochi's 'Morning walk', Mochi's 'Breakfast', Mochi's 'Evening meds', Luna's 'Feeding', Luna's 'Grooming'
2026-08-02 22:22:33,750 - agentic_planner - WARNING - Conflict detected: Conflict on 2026-08-02 at 09:00: Mochi's 'Morning walk', Mochi's 'Breakfast', Mochi's 'Evening meds', Luna's 'Feeding', Luna's 'Grooming'
2026-08-02 22:22:33,750 - agentic_planner - WARNING - Conflict detected: Conflict on 2026-08-02 at 09:00: Mochi's 'Morning walk', Mochi's 'Breakfast', Mochi's 'Evening meds', Luna's 'Feeding', Luna's 'Grooming'
2026-08-02 22:22:33,750 - agentic_planner - WARNING - Conflict detected: Conflict on 2026-08-02 at 09:00: Mochi's 'Morning walk', Mochi's 'Breakfast', Mochi's 'Evening meds', Luna's 'Feeding', Luna's 'Grooming'
2026-08-02 22:22:33,750 - agentic_planner - WARNING - Conflict detected: Conflict on 2026-08-02 at 09:00: Mochi's 'Morning walk', Mochi's 'Breakfast', Mochi's 'Evening meds', Luna's 'Feeding', Luna's 'Grooming'
2026-08-02 22:22:33,750 - agentic_planner - WARNING - Conflict detected: Conflict on 2026-08-02 at 09:00: Mochi's 'Morning walk', Mochi's 'Breakfast', Mochi's 'Evening meds', Luna's 'Feeding', Luna's 'Grooming'
2026-08-02 22:22:33,750 - agentic_planner - WARNING - Conflict detected: Conflict on 2026-08-02 at 09:00: Mochi's 'Morning walk', Mochi's 'Breakfast', Mochi's 'Evening meds', Luna's 'Feeding', Luna's 'Grooming'
2026-08-02 22:22:33,750 - agentic_planner - WARNING - Conflict detected: Conflict on 2026-08-02 at 09:00: Mochi's 'Morning walk', Mochi's 'Breakfast', Mochi's 'Evening meds', Luna's 'Feeding', Luna's 'Grooming'
2026-08-02 22:22:33,750 - agentic_planner - WARNING - Conflict detected: Conflict on 2026-08-02 at 09:00: Mochi's 'Morning walk', Mochi's 'Breakfast', Mochi's 'Evening meds', Luna's 'Feeding', Luna's 'Grooming'
2026-08-02 22:22:33,750 - agentic_planner - WARNING - Conflict detected: Conflict on 2026-08-02 at 09:00: Mochi's 'Morning walk', Mochi's 'Breakfast', Mochi's 'Evening meds', Luna's 'Feeding', Luna's 'Grooming'
2026-08-02 22:22:33,750 - agentic_planner - WARNING - Conflict detected: Conflict on 2026-08-02 at 09:00: Mochi's 'Morning walk', Mochi's 'Breakfast', Mochi's 'Evening meds', Luna's 'Feeding', Luna's 'Grooming'
2026-08-02 22:22:33,750 - agentic_planner - WARNING - Conflict detected: Conflict on 2026-08-02 at 09:00: Mochi's 'Morning walk', Mochi's 'Breakfast', Mochi's 'Evening meds', Luna's 'Feeding', Luna's 'Grooming'
2026-08-02 22:22:33,750 - agentic_planner - WARNING - Conflict detected: Conflict on 2026-08-02 at 09:00: Mochi's 'Morning walk', Mochi's 'Breakfast', Mochi's 'Evening meds', Luna's 'Feeding', Luna's 'Grooming'
2026-08-02 22:22:33,753 - agentic_planner - WARNING - Conflict detected: Conflict on 2026-08-02 at 09:00: Mochi's 'Morning walk', Mochi's 'Breakfast', Mochi's 'Evening meds', Luna's 'Feeding', Luna's 'Grooming'
2026-08-02 22:22:33,753 - agentic_planner - WARNING - Conflict detected: Conflict on 2026-08-02 at 09:00: Mochi's 'Morning walk', Mochi's 'Breakfast', Mochi's 'Evening meds', Luna's 'Feeding', Luna's 'Grooming'
2026-08-02 22:22:33,753 - agentic_planner - WARNING - Conflict detected: Conflict on 2026-08-02 at 09:00: Mochi's 'Morning walk', Mochi's 'Breakfast', Mochi's 'Evening meds', Luna's 'Feeding', Luna's 'Grooming'
2026-08-02 22:22:33,753 - agentic_planner - WARNING - Conflict detected: Conflict on 2026-08-02 at 09:00: Mochi's 'Morning walk', Mochi's 'Breakfast', Mochi's 'Evening meds', Luna's 'Feeding', Luna's 'Grooming'
2026-08-02 22:22:33,753 - agentic_planner - WARNING - Conflict detected: Conflict on 2026-08-02 at 09:00: Mochi's 'Morning walk', Mochi's 'Breakfast', Mochi's 'Evening meds', Luna's 'Feeding', Luna's 'Grooming'
2026-08-02 22:22:33,753 - agentic_planner - WARNING - Conflict detected: Conflict on 2026-08-02 at 09:00: Mochi's 'Morning walk', Mochi's 'Breakfast', Mochi's 'Evening meds', Luna's 'Feeding', Luna's 'Grooming'
2026-08-02 22:22:33,753 - agentic_planner - WARNING - Conflict detected: Conflict on 2026-08-02 at 09:00: Mochi's 'Morning walk', Mochi's 'Breakfast', Mochi's 'Evening meds', Luna's 'Feeding', Luna's 'Grooming'
2026-08-02 22:22:33,753 - agentic_planner - WARNING - Conflict detected: Conflict on 2026-08-02 at 09:00: Mochi's 'Morning walk', Mochi's 'Breakfast', Mochi's 'Evening meds', Luna's 'Feeding', Luna's 'Grooming'
2026-08-02 22:22:33,753 - agentic_planner - WARNING - Conflict detected: Conflict on 2026-08-02 at 09:00: Mochi's 'Morning walk', Mochi's 'Breakfast', Mochi's 'Evening meds', Luna's 'Feeding', Luna's 'Grooming'
2026-08-02 22:22:33,753 - agentic_planner - WARNING - Conflict detected: Conflict on 2026-08-02 at 09:00: Mochi's 'Morning walk', Mochi's 'Breakfast', Mochi's 'Evening meds', Luna's 'Feeding', Luna's 'Grooming'
2026-08-02 22:22:33,753 - agentic_planner - WARNING - Conflict detected: Conflict on 2026-08-02 at 09:00: Mochi's 'Morning walk', Mochi's 'Breakfast', Mochi's 'Evening meds', Luna's 'Feeding', Luna's 'Grooming'
2026-08-02 22:22:33,753 - agentic_planner - WARNING - Conflict detected: Conflict on 2026-08-02 at 09:00: Mochi's 'Morning walk', Mochi's 'Breakfast', Mochi's 'Evening meds', Luna's 'Feeding', Luna's 'Grooming'
2026-08-02 22:22:33,753 - agentic_planner - WARNING - Conflict detected: Conflict on 2026-08-02 at 09:00: Mochi's 'Morning walk', Mochi's 'Breakfast', Mochi's 'Evening meds', Luna's 'Feeding', Luna's 'Grooming'
2026-08-02 22:22:33,753 - agentic_planner - WARNING - Conflict detected: Conflict on 2026-08-02 at 09:00: Mochi's 'Morning walk', Mochi's 'Breakfast', Mochi's 'Evening meds', Luna's 'Feeding', Luna's 'Grooming'
2026-08-02 22:22:33,753 - agentic_planner - WARNING - Conflict detected: Conflict on 2026-08-02 at 09:00: Mochi's 'Morning walk', Mochi's 'Breakfast', Mochi's 'Evening meds', Luna's 'Feeding', Luna's 'Grooming'
2026-08-02 22:22:33,753 - agentic_planner - WARNING - Conflict detected: Conflict on 2026-08-02 at 09:00: Mochi's 'Morning walk', Mochi's 'Breakfast', Mochi's 'Evening meds', Luna's 'Feeding', Luna's 'Grooming'
2026-08-02 22:22:33,753 - agentic_planner - WARNING - Conflict detected: Conflict on 2026-08-02 at 09:00: Mochi's 'Morning walk', Mochi's 'Breakfast', Mochi's 'Evening meds', Luna's 'Feeding', Luna's 'Grooming'
2026-08-02 22:22:33,755 - agentic_planner - WARNING - Conflict detected: Conflict on 2026-08-02 at 09:00: Mochi's 'Morning walk', Mochi's 'Breakfast', Mochi's 'Evening meds', Luna's 'Feeding', Luna's 'Grooming'
2026-08-02 22:22:33,755 - agentic_planner - WARNING - Conflict detected: Conflict on 2026-08-02 at 09:00: Mochi's 'Morning walk', Mochi's 'Breakfast', Mochi's 'Evening meds', Luna's 'Feeding', Luna's 'Grooming'
2026-08-02 22:22:33,755 - agentic_planner - WARNING - Conflict detected: Conflict on 2026-08-02 at 09:00: Mochi's 'Morning walk', Mochi's 'Breakfast', Mochi's 'Evening meds', Luna's 'Feeding', Luna's 'Grooming'
2026-08-02 22:22:33,755 - agentic_planner - WARNING - Conflict detected: Conflict on 2026-08-02 at 09:00: Mochi's 'Morning walk', Mochi's 'Breakfast', Mochi's 'Evening meds', Luna's 'Feeding', Luna's 'Grooming'
2026-08-02 22:22:33,755 - agentic_planner - WARNING - Conflict detected: Conflict on 2026-08-02 at 09:00: Mochi's 'Morning walk', Mochi's 'Breakfast', Mochi's 'Evening meds', Luna's 'Feeding', Luna's 'Grooming'
2026-08-02 22:22:33,755 - agentic_planner - WARNING - Conflict detected: Conflict on 2026-08-02 at 09:00: Mochi's 'Morning walk', Mochi's 'Breakfast', Mochi's 'Evening meds', Luna's 'Feeding', Luna's 'Grooming'
2026-08-02 22:22:33,755 - agentic_planner - WARNING - Conflict detected: Conflict on 2026-08-02 at 09:00: Mochi's 'Morning walk', Mochi's 'Breakfast', Mochi's 'Evening meds', Luna's 'Feeding', Luna's 'Grooming'
2026-08-02 22:22:33,755 - agentic_planner - WARNING - Conflict detected: Conflict on 2026-08-02 at 09:00: Mochi's 'Morning walk', Mochi's 'Breakfast', Mochi's 'Evening meds', Luna's 'Feeding', Luna's 'Grooming'
2026-08-02 22:22:33,755 - agentic_planner - WARNING - Conflict detected: Conflict on 2026-08-02 at 09:00: Mochi's 'Morning walk', Mochi's 'Breakfast', Mochi's 'Evening meds', Luna's 'Feeding', Luna's 'Grooming'
2026-08-02 22:22:33,755 - agentic_planner - WARNING - Conflict detected: Conflict on 2026-08-02 at 09:00: Mochi's 'Morning walk', Mochi's 'Breakfast', Mochi's 'Evening meds', Luna's 'Feeding', Luna's 'Grooming'
2026-08-02 22:22:33,755 - agentic_planner - WARNING - Conflict detected: Conflict on 2026-08-02 at 09:00: Mochi's 'Morning walk', Mochi's 'Breakfast', Mochi's 'Evening meds', Luna's 'Feeding', Luna's 'Grooming'
2026-08-02 22:22:33,755 - agentic_planner - WARNING - Conflict detected: Conflict on 2026-08-02 at 09:00: Mochi's 'Morning walk', Mochi's 'Breakfast', Mochi's 'Evening meds', Luna's 'Feeding', Luna's 'Grooming'
2026-08-02 22:22:33,755 - agentic_planner - WARNING - Conflict detected: Conflict on 2026-08-02 at 09:00: Mochi's 'Morning walk', Mochi's 'Breakfast', Mochi's 'Evening meds', Luna's 'Feeding', Luna's 'Grooming'
2026-08-02 22:22:33,755 - agentic_planner - WARNING - Conflict detected: Conflict on 2026-08-02 at 09:00: Mochi's 'Morning walk', Mochi's 'Breakfast', Mochi's 'Evening meds', Luna's 'Feeding', Luna's 'Grooming'
2026-08-02 22:22:33,755 - agentic_planner - WARNING - Conflict detected: Conflict on 2026-08-02 at 09:00: Mochi's 'Morning walk', Mochi's 'Breakfast', Mochi's 'Evening meds', Luna's 'Feeding', Luna's 'Grooming'
2026-08-02 22:22:33,755 - agentic_planner - WARNING - Conflict detected: Conflict on 2026-08-02 at 09:00: Mochi's 'Morning walk', Mochi's 'Breakfast', Mochi's 'Evening meds', Luna's 'Feeding', Luna's 'Grooming'
2026-08-02 22:22:33,755 - agentic_planner - WARNING - Conflict detected: Conflict on 2026-08-02 at 09:00: Mochi's 'Morning walk', Mochi's 'Breakfast', Mochi's 'Evening meds', Luna's 'Feeding', Luna's 'Grooming'
2026-08-02 22:22:33,755 - agentic_planner - WARNING - Conflict detected: Conflict on 2026-08-02 at 09:00: Mochi's 'Morning walk', Mochi's 'Breakfast', Mochi's 'Evening meds', Luna's 'Feeding', Luna's 'Grooming'
2026-08-02 22:22:33,755 - agentic_planner - WARNING - Conflict detected: Conflict on 2026-08-02 at 09:00: Mochi's 'Morning walk', Mochi's 'Breakfast', Mochi's 'Evening meds', Luna's 'Feeding', Luna's 'Grooming'
2026-08-02 22:22:33,756 - agentic_planner - WARNING - Conflict detected: Conflict on 2026-08-02 at 09:00: Mochi's 'Morning walk', Mochi's 'Evening meds', Mochi's 'Breakfast', Whiskers's 'Feeding', Whiskers's 'Grooming'
2026-08-02 22:22:33,756 - agentic_planner - WARNING - Conflict detected: Conflict on 2026-08-02 at 09:00: Mochi's 'Morning walk', Mochi's 'Evening meds', Mochi's 'Breakfast', Whiskers's 'Feeding', Whiskers's 'Grooming'
2026-08-02 22:22:33,756 - agentic_planner - WARNING - Conflict detected: Conflict on 2026-08-02 at 09:00: Mochi's 'Morning walk', Mochi's 'Evening meds', Mochi's 'Breakfast', Whiskers's 'Feeding', Whiskers's 'Grooming'
2026-08-02 22:22:33,756 - agentic_planner - WARNING - Conflict detected: Conflict on 2026-08-02 at 09:00: Mochi's 'Morning walk', Mochi's 'Evening meds', Mochi's 'Breakfast', Whiskers's 'Feeding', Whiskers's 'Grooming'
2026-08-02 22:22:33,756 - agentic_planner - WARNING - Conflict detected: Conflict on 2026-08-02 at 09:00: Mochi's 'Morning walk', Mochi's 'Evening meds', Mochi's 'Breakfast', Whiskers's 'Feeding', Whiskers's 'Grooming'
2026-08-02 22:22:33,756 - agentic_planner - WARNING - Conflict detected: Conflict on 2026-08-02 at 09:00: Mochi's 'Morning walk', Mochi's 'Evening meds', Mochi's 'Breakfast', Whiskers's 'Feeding', Whiskers's 'Grooming'
2026-08-02 22:22:33,756 - agentic_planner - WARNING - Conflict detected: Conflict on 2026-08-02 at 09:00: Mochi's 'Morning walk', Mochi's 'Evening meds', Mochi's 'Breakfast', Whiskers's 'Feeding', Whiskers's 'Grooming'
2026-08-02 22:22:33,756 - agentic_planner - WARNING - Conflict detected: Conflict on 2026-08-02 at 09:00: Mochi's 'Morning walk', Mochi's 'Evening meds', Mochi's 'Breakfast', Whiskers's 'Feeding', Whiskers's 'Grooming'
2026-08-02 22:22:33,756 - agentic_planner - WARNING - Conflict detected: Conflict on 2026-08-02 at 09:00: Mochi's 'Morning walk', Mochi's 'Evening meds', Mochi's 'Breakfast', Whiskers's 'Feeding', Whiskers's 'Grooming'
2026-08-02 22:22:33,756 - agentic_planner - WARNING - Conflict detected: Conflict on 2026-08-02 at 09:00: Mochi's 'Morning walk', Mochi's 'Evening meds', Mochi's 'Breakfast', Whiskers's 'Feeding', Whiskers's 'Grooming'
2026-08-02 22:22:33,756 - agentic_planner - WARNING - Conflict detected: Conflict on 2026-08-02 at 09:00: Mochi's 'Morning walk', Mochi's 'Evening meds', Mochi's 'Breakfast', Whiskers's 'Feeding', Whiskers's 'Grooming'
2026-08-02 22:22:33,756 - agentic_planner - WARNING - Conflict detected: Conflict on 2026-08-02 at 09:00: Mochi's 'Morning walk', Mochi's 'Evening meds', Mochi's 'Breakfast', Whiskers's 'Feeding', Whiskers's 'Grooming'
2026-08-02 22:22:33,756 - agentic_planner - WARNING - Conflict detected: Conflict on 2026-08-02 at 09:00: Mochi's 'Morning walk', Mochi's 'Evening meds', Mochi's 'Breakfast', Whiskers's 'Feeding', Whiskers's 'Grooming'
2026-08-02 22:22:33,756 - agentic_planner - WARNING - Conflict detected: Conflict on 2026-08-02 at 09:00: Mochi's 'Morning walk', Mochi's 'Evening meds', Mochi's 'Breakfast', Whiskers's 'Feeding', Whiskers's 'Grooming'
2026-08-02 22:22:33,756 - agentic_planner - WARNING - Conflict detected: Conflict on 2026-08-02 at 09:00: Mochi's 'Morning walk', Mochi's 'Evening meds', Mochi's 'Breakfast', Whiskers's 'Feeding', Whiskers's 'Grooming'
2026-08-02 22:22:33,756 - agentic_planner - WARNING - Conflict detected: Conflict on 2026-08-02 at 09:00: Mochi's 'Morning walk', Mochi's 'Evening meds', Mochi's 'Breakfast', Whiskers's 'Feeding', Whiskers's 'Grooming'
2026-08-02 22:22:33,756 - agentic_planner - WARNING - Conflict detected: Conflict on 2026-08-02 at 09:00: Mochi's 'Morning walk', Mochi's 'Evening meds', Mochi's 'Breakfast', Whiskers's 'Feeding', Whiskers's 'Grooming'
2026-08-02 22:22:33,756 - agentic_planner - WARNING - Conflict detected: Conflict on 2026-08-02 at 09:00: Mochi's 'Morning walk', Mochi's 'Evening meds', Mochi's 'Breakfast', Whiskers's 'Feeding', Whiskers's 'Grooming'
2026-08-02 22:22:33,756 - agentic_planner - WARNING - Conflict detected: Conflict on 2026-08-02 at 09:00: Mochi's 'Morning walk', Mochi's 'Evening meds', Mochi's 'Breakfast', Whiskers's 'Feeding', Whiskers's 'Grooming'
2026-08-02 22:22:33,756 - agentic_planner - WARNING - Conflict detected: Conflict on 2026-08-02 at 09:00: Mochi's 'Morning walk', Mochi's 'Evening meds', Mochi's 'Breakfast', Whiskers's 'Feeding', Whiskers's 'Grooming'
2026-08-02 22:22:33,756 - agentic_planner - WARNING - Conflict detected: Conflict on 2026-08-02 at 09:00: Mochi's 'Morning walk', Mochi's 'Evening meds', Mochi's 'Breakfast', Whiskers's 'Feeding', Whiskers's 'Grooming'
2026-08-02 22:22:33,757 - agentic_planner - WARNING - Conflict detected: Conflict on 2026-08-02 at 09:00: Buddy's 'Walk', Buddy's 'Feed'
2026-08-02 22:22:33,757 - agentic_planner - WARNING - Conflict detected: Conflict on 2026-08-02 at 09:00: Buddy's 'Walk', Buddy's 'Feed'
2026-08-02 22:22:33,757 - agentic_planner - WARNING - Conflict detected: Conflict on 2026-08-02 at 09:00: Buddy's 'Walk', Buddy's 'Feed'
2026-08-02 22:22:33,757 - agentic_planner - WARNING - Conflict detected: Conflict on 2026-08-02 at 09:00: Buddy's 'Walk', Buddy's 'Feed'
2026-08-02 22:22:33,757 - agentic_planner - WARNING - Conflict detected: Conflict on 2026-08-02 at 09:00: Buddy's 'Walk', Buddy's 'Feed'
2026-08-02 22:22:33,757 - agentic_planner - WARNING - Conflict detected: Conflict on 2026-08-02 at 09:00: Buddy's 'Walk', Buddy's 'Feed'
2026-08-02 22:22:33,757 - agentic_planner - WARNING - Conflict detected: Conflict on 2026-08-02 at 09:00: Buddy's 'Walk', Buddy's 'Feed'
2026-08-02 22:22:33,757 - agentic_planner - WARNING - Conflict detected: Conflict on 2026-08-02 at 09:00: Buddy's 'Walk', Buddy's 'Feed'
2026-08-02 22:22:33,757 - agentic_planner - WARNING - Conflict detected: Conflict on 2026-08-02 at 09:00: Buddy's 'Walk', Buddy's 'Feed'
2026-08-02 22:22:33,757 - agentic_planner - WARNING - Conflict detected: Conflict on 2026-08-02 at 09:00: Buddy's 'Walk', Buddy's 'Feed'
2026-08-02 22:22:33,757 - agentic_planner - WARNING - Conflict detected: Conflict on 2026-08-02 at 09:00: Buddy's 'Walk', Buddy's 'Feed'
2026-08-02 22:22:33,757 - agentic_planner - WARNING - Conflict detected: Conflict on 2026-08-02 at 09:00: Buddy's 'Walk', Buddy's 'Feed'
2026-08-02 22:22:33,757 - agentic_planner - WARNING - Conflict detected: Conflict on 2026-08-02 at 09:00: Buddy's 'Walk', Buddy's 'Feed'
2026-08-02 22:22:33,757 - agentic_planner - WARNING - Conflict detected: Conflict on 2026-08-02 at 09:00: Buddy's 'Walk', Buddy's 'Feed'
2026-08-02 22:22:33,757 - agentic_planner - WARNING - Conflict detected: Conflict on 2026-08-02 at 09:00: Buddy's 'Walk', Buddy's 'Feed'
2026-08-02 22:22:33,757 - agentic_planner - WARNING - Conflict detected: Conflict on 2026-08-02 at 09:00: Buddy's 'Walk', Buddy's 'Feed'
2026-08-02 22:22:33,757 - agentic_planner - WARNING - Conflict detected: Conflict on 2026-08-02 at 09:00: Buddy's 'Walk', Buddy's 'Feed'
2026-08-02 22:22:33,757 - agentic_planner - WARNING - Conflict detected: Conflict on 2026-08-02 at 09:00: Buddy's 'Walk', Buddy's 'Feed'
2026-08-02 22:22:33,757 - agentic_planner - WARNING - Conflict detected: Conflict on 2026-08-02 at 09:00: Buddy's 'Walk', Buddy's 'Feed'
2026-08-02 22:22:33,757 - agentic_planner - WARNING - Conflict detected: Conflict on 2026-08-02 at 09:00: Buddy's 'Walk', Buddy's 'Feed'
2026-08-02 22:22:33,757 - agentic_planner - WARNING - Conflict detected: Conflict on 2026-08-02 at 09:00: Buddy's 'Walk', Buddy's 'Feed'
2026-08-02 22:22:33,757 - agentic_planner - WARNING - Conflict detected: Conflict on 2026-08-02 at 09:00: Buddy's 'Walk', Buddy's 'Feed'
2026-08-02 22:22:33,757 - agentic_planner - WARNING - Conflict detected: Conflict on 2026-08-02 at 09:00: Buddy's 'Walk', Buddy's 'Feed'
